19:02:00:216  INFO 20116 --- [main] com.hmall.trade.TradeApplication         : Starting TradeApplication using Java 11.0.31 on LAPTOP-TA9OGLS3 with PID 20116 (C:\Users\tizi\Desktop\project\hmall\trade-service\target\classes started by tizi in C:\Users\tizi\Desktop\project\hmall)
19:02:00:222 DEBUG 20116 --- [main] com.hmall.trade.TradeApplication         : Running with Spring Boot v2.7.12, Spring v5.3.27
19:02:00:223  INFO 20116 --- [main] com.hmall.trade.TradeApplication         : The following 1 profile is active: "local"
19:02:01:395  INFO 20116 --- [main] .s.d.r.c.RepositoryConfigurationDelegate : Multiple Spring Data modules found, entering strict repository configuration mode
19:02:01:397  INFO 20116 --- [main] .s.d.r.c.RepositoryConfigurationDelegate : Bootstrapping Spring Data Redis repositories in DEFAULT mode.
19:02:01:424  INFO 20116 --- [main] .s.d.r.c.RepositoryConfigurationDelegate : Finished Spring Data repository scanning in 13 ms. Found 0 Redis repository interfaces.
19:02:01:658  INFO 20116 --- [main] o.s.cloud.context.scope.GenericScope     : BeanFactory id=b778e2d7-9515-3efa-889c-81f5082268a2
19:02:02:017  INFO 20116 --- [main] o.s.b.w.embedded.tomcat.TomcatWebServer  : Tomcat initialized with port(s): 8085 (http)
19:02:02:025  INFO 20116 --- [main] o.apache.catalina.core.StandardService   : Starting service [Tomcat]
19:02:02:025  INFO 20116 --- [main] org.apache.catalina.core.StandardEngine  : Starting Servlet engine: [Apache Tomcat/9.0.75]
19:02:02:202  INFO 20116 --- [main] o.a.c.c.C.[Tomcat].[localhost].[/]       : Initializing Spring embedded WebApplicationContext
19:02:02:202  INFO 20116 --- [main] w.s.c.ServletWebServerApplicationContext : Root WebApplicationContext: initialization completed in 1927 ms
19:02:02:420  INFO 20116 --- [main] o.s.c.openfeign.FeignClientFactoryBean   : For 'item-service' URL not provided. Will try picking an instance via load-balancing.
19:02:03:623  INFO 20116 --- [main] o.s.c.openfeign.FeignClientFactoryBean   : For 'cart-service' URL not provided. Will try picking an instance via load-balancing.
19:02:04:321  INFO 20116 --- [main] pertySourcedRequestMappingHandlerMapping : Mapped URL path [/v2/api-docs] onto method [springfox.documentation.swagger2.web.Swagger2ControllerWebMvc#getDocumentation(String, HttpServletRequest)]
19:02:05:320  INFO 20116 --- [main] com.alibaba.nacos.common.remote.client   : [RpcClientFactory] create a new rpc client of 178adeb5-7178-43c7-85cc-6c8143c98015
19:02:05:351  INFO 20116 --- [main] org.reflections.Reflections              : Reflections took 16 ms to scan 1 urls, producing 3 keys and 6 values 
19:02:05:371  INFO 20116 --- [main] org.reflections.Reflections              : Reflections took 8 ms to scan 1 urls, producing 4 keys and 9 values 
19:02:05:377  INFO 20116 --- [main] org.reflections.Reflections              : Reflections took 4 ms to scan 1 urls, producing 3 keys and 10 values 
19:02:05:381  WARN 20116 --- [main] org.reflections.Reflections              : given scan urls are empty. set urls in the configuration
19:02:05:387  INFO 20116 --- [main] org.reflections.Reflections              : Reflections took 5 ms to scan 1 urls, producing 1 keys and 5 values 
19:02:05:393  INFO 20116 --- [main] org.reflections.Reflections              : Reflections took 4 ms to scan 1 urls, producing 1 keys and 7 values 
19:02:05:400  INFO 20116 --- [main] org.reflections.Reflections              : Reflections took 5 ms to scan 1 urls, producing 2 keys and 8 values 
19:02:05:401  WARN 20116 --- [main] org.reflections.Reflections              : given scan urls are empty. set urls in the configuration
19:02:05:402  INFO 20116 --- [main] com.alibaba.nacos.common.remote.client   : [178adeb5-7178-43c7-85cc-6c8143c98015] RpcClient init label, labels = {module=naming, source=sdk}
19:02:05:404  INFO 20116 --- [main] com.alibaba.nacos.common.remote.client   : [178adeb5-7178-43c7-85cc-6c8143c98015] RpcClient init, ServerListFactory = com.alibaba.nacos.client.naming.core.ServerListManager
19:02:05:404  INFO 20116 --- [main] com.alibaba.nacos.common.remote.client   : [178adeb5-7178-43c7-85cc-6c8143c98015] Registry connection listener to current client:com.alibaba.nacos.client.naming.remote.gprc.redo.NamingGrpcRedoService
19:02:05:405  INFO 20116 --- [main] com.alibaba.nacos.common.remote.client   : [178adeb5-7178-43c7-85cc-6c8143c98015] Register server push request handler:com.alibaba.nacos.client.naming.remote.gprc.NamingPushRequestHandler
19:02:05:406  INFO 20116 --- [main] com.alibaba.nacos.common.remote.client   : [178adeb5-7178-43c7-85cc-6c8143c98015] Try to connect to server on start up, server: {serverIp = '127.0.0.1', server main port = 8848}
19:02:07:015  INFO 20116 --- [main] com.alibaba.nacos.common.remote.client   : [178adeb5-7178-43c7-85cc-6c8143c98015] Success to connect to server [127.0.0.1:8848] on start up, connectionId = 1783940526766_127.0.0.1_6014
19:02:07:017  INFO 20116 --- [com.alibaba.nacos.client.remote.worker] com.alibaba.nacos.common.remote.client   : [178adeb5-7178-43c7-85cc-6c8143c98015] Notify connected event to listeners.
19:02:07:018  INFO 20116 --- [main] com.alibaba.nacos.common.remote.client   : [178adeb5-7178-43c7-85cc-6c8143c98015] Register server push request handler:com.alibaba.nacos.common.remote.client.RpcClient$ConnectResetRequestHandler
19:02:07:019  INFO 20116 --- [main] com.alibaba.nacos.common.remote.client   : [178adeb5-7178-43c7-85cc-6c8143c98015] Register server push request handler:com.alibaba.nacos.common.remote.client.RpcClient$$Lambda$1249/0x0000000840890040
19:02:07:090  INFO 20116 --- [main] o.s.b.w.embedded.tomcat.TomcatWebServer  : Tomcat started on port(s): 8085 (http) with context path ''
19:02:07:097  INFO 20116 --- [main] c.a.c.n.registry.NacosServiceRegistry    : nacos registry, DEFAULT_GROUP trade-service 192.168.203.229:8085 register finished
19:02:07:442  INFO 20116 --- [main] d.s.w.p.DocumentationPluginsBootstrapper : Documentation plugins bootstrapped
19:02:07:444  INFO 20116 --- [main] d.s.w.p.DocumentationPluginsBootstrapper : Found 1 custom documentation plugin(s)
19:02:07:460  INFO 20116 --- [main] s.d.s.w.s.ApiListingReferenceScanner     : Scanning for api listing references
19:02:07:513  INFO 20116 --- [main] o.s.a.r.c.CachingConnectionFactory       : Attempting to connect to: [127.0.0.1:5672]
19:02:07:558  INFO 20116 --- [main] o.s.a.r.c.CachingConnectionFactory       : Created new connection: rabbitConnectionFactory#65a4b9d6:0/SimpleConnection@463746eb [delegate=amqp://guest@127.0.0.1:5672/, localPort= 6017]
19:02:07:558  INFO 20116 --- [nacos-grpc-client-executor-8] com.alibaba.nacos.common.remote.client   : [178adeb5-7178-43c7-85cc-6c8143c98015] Receive server push request, request = NotifySubscriberRequest, requestId = 3
19:02:07:579  INFO 20116 --- [nacos-grpc-client-executor-8] com.alibaba.nacos.common.remote.client   : [178adeb5-7178-43c7-85cc-6c8143c98015] Ack server push request, request = NotifySubscriberRequest, requestId = 3
19:02:07:638  INFO 20116 --- [main] com.hmall.trade.TradeApplication         : Started TradeApplication in 8.559 seconds (JVM running for 9.694)
21:09:52:765  WARN 20116 --- [Thread-4] c.a.nacos.common.notify.NotifyCenter     : [NotifyCenter] Start destroying Publisher
21:09:52:765  WARN 20116 --- [Thread-7] c.a.n.common.http.HttpClientBeanHolder   : [HttpClientBeanHolder] Start destroying common HttpClient
21:09:52:777  WARN 20116 --- [Thread-4] c.a.nacos.common.notify.NotifyCenter     : [NotifyCenter] Destruction of the end
21:09:52:784  WARN 20116 --- [Thread-7] c.a.n.common.http.HttpClientBeanHolder   : [HttpClientBeanHolder] Destruction of the end
21:09:52:886  INFO 20116 --- [org.springframework.amqp.rabbit.RabbitListenerEndpointContainer#0-2] o.s.a.r.l.SimpleMessageListenerContainer : Waiting for workers to finish.
21:09:53:781  INFO 20116 --- [org.springframework.amqp.rabbit.RabbitListenerEndpointContainer#0-2] o.s.a.r.l.SimpleMessageListenerContainer : Successfully waited for workers to finish.
21:09:54:692  INFO 20116 --- [SpringApplicationShutdownHook] c.a.c.n.registry.NacosServiceRegistry    : De-registering from Nacos Server now...
21:09:54:723  INFO 20116 --- [SpringApplicationShutdownHook] c.a.c.n.registry.NacosServiceRegistry    : De-registration finished.
21:09:55:068  INFO 20116 --- [SpringApplicationShutdownHook] com.alibaba.nacos.common.remote.client   : Shutdown rpc client, set status to shutdown
21:09:55:068  INFO 20116 --- [SpringApplicationShutdownHook] com.alibaba.nacos.common.remote.client   : Shutdown client event executor java.util.concurrent.ScheduledThreadPoolExecutor@48cacee5[Running, pool size = 2, active threads = 2, queued tasks = 0, completed tasks = 0]
21:09:55:072  INFO 20116 --- [SpringApplicationShutdownHook] com.alibaba.nacos.common.remote.client   : Close current connection 1783940526766_127.0.0.1_6014
21:09:55:079  INFO 20116 --- [nacos-grpc-client-executor-1549] c.a.n.c.remote.client.grpc.GrpcClient    : [1783940526766_127.0.0.1_6014]Ignore complete event,isRunning:false,isAbandon=false
21:09:55:090  INFO 20116 --- [SpringApplicationShutdownHook] c.a.n.c.remote.client.grpc.GrpcClient    : Shutdown grpc executor java.util.concurrent.ThreadPoolExecutor@6f49d882[Running, pool size = 5, active threads = 0, queued tasks = 0, completed tasks = 1550]
21:09:55:100  INFO 20116 --- [SpringApplicationShutdownHook] o.s.a.r.l.SimpleMessageListenerContainer : Shutdown ignored - container is already stopped
